Script started on 2024-02-27 17:45:48-05:00
bash-4.4$ echo $SHELL
/bin/bash
bash-4.4$ [Kbash-4.4$ echo $HOME
/mnt/scratch/SP24_CS131_Jyotika/fnusp24
bash-4.4$ id
uid=1210(fnusp24) gid=1210(fnusp24) groups=1210(fnusp24),78(S78)
bash-4.4$ whoami
fnusp24
bash-4.4$ group fnusp24
bash: group: command not found
bash-4.4$ groups fnusp24
fnusp24 : fnusp24 S78
bash-4.4$ mkdir myDIr[K[Kir
bash-4.4$ chmod u-w mydir[K[K[KDir
bash-4.4$ cd muDir[K[K[K[KyDir
bash-4.4$ ls
bash-4.4$ ls-l
bash: ls-l: command not found
bash-4.4$ vifile [Ks.txt
bash: vifiles.txt: command not found
bash-4.4$ vi files.[K.txt
[?2004h[?1049h[22;0;0t[?1h=[?2004h[1;24r[?12h[?12l[27m[23m[29m[m[H[2J[?25l[24;1H"files.txt" [New File][2;1H[1m[34m~                                                                               [3;1H~                                                                               [4;1H~                                                                               [5;1H~                                                                               [6;1H~                                                                               [7;1H~                                                                               [8;1H~                                                                               [9;1H~                                                                               [10;1H~                                                                               [11;1H~                                                                               [12;1H~                                                                               [13;1H~                                                                               [14;1H~                                                                               [15;1H~                                                                               [16;1H~                                                                               [17;1H~                                                                               [18;1H~                                                                               [19;1H~                                                                               [20;1H~                                                                               [21;1H~                                                                               [22;1H~                                                                               [23;1H~                                                                               [1;1H[?25h[?25l[m[24;1H[1m-- INSERT --[m[24;13H[K[1;1H[?25h[?25lh[?25h[?25li[?25h[24;1H[K[1;2H[?25l[?25h[?25l[24;1H:[?2004h[?25hwq[?25l[?2004l"files.txt"
[1m[37m[41m"files.txt" E212: Can't open file for writing[?2004h[m
[32mPress ENTER or type command to continue[?25h[?25l[m[24;1H[K[24;1H:[?2004h[?25hq![?25l[?2004l[24;1H[K[24;1H[?2004l[?1l>[?25h[?1049l[23;0;0tbash-4.4$ mkdir myDir [K2
mkdir: cannot create directory ‘myDir2’: Permission denied
bash-4.4$ cd .. 
bash-4.4$ cd Assifn[K[Kgnment [K2[K1
bash: cd: Assignment1: No such file or directory
bash-4.4$ ls
cmds.log  myDir
bash-4.4$ cd ..
bash-4.4$ cd Assignment [K1
bash-4.4$ mkdir mu[KyDIr2[K[K[Kir2
bash-4.4$ mkdir [K mydir [K[K[K[KDir3
bash-4.4$ cd myDir2
bash-4.4$ vi myFilees[K.txrt[K[K[Kt[Kxt
[?2004h[?1049h[22;0;0t[?1h=[?2004h[1;24r[?12h[?12l[27m[23m[29m[m[H[2J[?25l[24;1H"myFilee.txt" [New File][2;1H[1m[34m~                                                                               [3;1H~                                                                               [4;1H~                                                                               [5;1H~                                                                               [6;1H~                                                                               [7;1H~                                                                               [8;1H~                                                                               [9;1H~                                                                               [10;1H~                                                                               [11;1H~                                                                               [12;1H~                                                                               [13;1H~                                                                               [14;1H~                                                                               [15;1H~                                                                               [16;1H~                                                                               [17;1H~                                                                               [18;1H~                                                                               [19;1H~                                                                               [20;1H~                                                                               [21;1H~                                                                               [22;1H~                                                                               [23;1H~                                                                               [1;1H[?25h[?25l[m[24;1H[K[24;1H:[?2004h[?25hwq[?25l[?2004l"myFilee.txt" [New] 0L, 0C written
[?2004l[?1l>[?25h[?1049l[23;0;0tbash-4.4$ mv myfilee[K[K[K[K[K[KyFilee.txt .. /myDie [K[Kr3/
mv: target '/myDir3/' is not a directory
bash-4.4$ mv myfi[K[KFilee.e[Ktxr[Kt..==[K[K[K[K ../myDir3/
bash-4.4$ free -m
              total        used        free      shared  buff/cache   available
Mem:          71367       32221       20107        3571       19038       34116
Swap:          4119           0        4119
bash-4.4$ ma n [K[K[Kn free
[?1049h[22;0;0t[?1h=FREE(1)                          User Commands                         FREE(1)[m
[m
[1mNAME[0m[m
       free - Display amount of free and used memory in the system[m
[m
[1mSYNOPSIS[0m[m
       [1mfree [22m[[4moptions[24m][m
[m
[1mDESCRIPTION[0m[m
       [1mfree  [22mdisplays the total amount of free and used physical and swap mem‐[m
       ory in the system, as well as the buffers and caches used by  the  ker‐[m
       nel.  The  information  is  gathered by parsing /proc/meminfo. The dis‐[m
       played columns are:[m
[m
       [1mtotal  [22mTotal installed memory (MemTotal and SwapTotal in /proc/meminfo)[m
[m
       [1mused   [22mUsed memory (calculated as [1mtotal [22m- [1mfree [22m- [1mbuffers [22m- [1mcache[22m)[m
[m
       [1mfree   [22mUnused memory (MemFree and SwapFree in /proc/meminfo)[m
[m
       [1mshared [22mMemory used (mostly) by tmpfs (Shmem in /proc/meminfo)[m
[m
       [1mbuffers[0m[m
[7m Manual page free(1) line 1 (press h for help or q to quit)[27m[K[K[?1l>[?1049l[23;0;0tbash-4.4$ cat /etc/*release*
NAME="Red Hat Enterprise Linux"
VERSION="8.6 (Ootpa)"
ID="rhel"
ID_LIKE="fedora"
VERSION_ID="8.6"
PLATFORM_ID="platform:el8"
PRETTY_NAME="Red Hat Enterprise Linux 8.6 (Ootpa)"
ANSI_COLOR="0;31"
CPE_NAME="cpe:/o:redhat:enterprise_linux:8::baseos"
HOME_URL="https://www.redhat.com/"
DOCUMENTATION_URL="https://access.redhat.com/documentation/red_hat_enterprise_linux/8/"
BUG_REPORT_URL="https://bugzilla.redhat.com/"

REDHAT_BUGZILLA_PRODUCT="Red Hat Enterprise Linux 8"
REDHAT_BUGZILLA_PRODUCT_VERSION=8.6
REDHAT_SUPPORT_PRODUCT="Red Hat Enterprise Linux"
REDHAT_SUPPORT_PRODUCT_VERSION="8.6"
Red Hat Enterprise Linux release 8.6 (Ootpa)
Red Hat Enterprise Linux release 8.6 (Ootpa)
cpe:/o:redhat:enterprise_linux:8::baseos
bash-4.4$ [Kbash-4.4$ cd /etc/rele[K[K[K[K
bash-4.4$ ls
adjtime				  cron.hourly		   favicon.png	 idmapd.conf	  libblockdev		    motd	       passwd-	       request-key.conf  ssh		     udisks2
aliases				  cron.monthly		   filesystems	 init.d		  libibverbs.d		    motd.d	       pinforc	       request-key.d	 ssl		     unbound
alternatives			  crontab		   firewalld	 inittab	  libnl			    mtab	       pkcs11	       resolv.conf	 sssd		     updatedb.conf
anacrontab			  cron.weekly		   fonts	 inputrc	  libpaper.d		    multipath	       pki	       rhc		 subgid		     usb_modeswitch.conf
asciidoc			  crypto-policies	   fprintd.conf  insights-client  libreport		    multipath.conf     plymouth        rhsm		 subgid-	     vconsole.conf
at.deny				  crypttab		   fstab	 iproute2	  libssh		    nanorc	       pm	       rpc		 subuid		     vimrc
audit				  csh.cshrc		   fuse.conf	 iscsi		  libuser.conf		    netconfig	       polkit-1        rpm		 subuid-	     virc
authselect			  csh.login		   gcrypt	 issue		  locale.conf		    NetworkManager     popt.d	       rsyslog.conf	 sudo.conf	     wgetrc
bash_completion.d		  ct_node_id		   gdbinit	 issue.d	  localtime		    networks	       ppc64-diag      rsyslog.d	 sudoers	     X11
bashrc				  dbus-1		   gdbinit.d	 issue.net	  login.defs		    nftables	       printcap        rwtab.d		 sudoers.d	     xattr.conf
bindresvport.blacklist		  dconf			   glvnd	 java		  logrotate.conf	    nsswitch.conf      profile	       samba		 sudo-ldap.conf      xdg
bindresvport.blacklist.rsct.save  default		   gnupg	 jvm		  logrotate.d		    nsswitch.conf.bak  profile.d       sasl2		 swid		     xinetd.d
binfmt.d			  depmod.d		   GREP_COLORS	 jvm-commmon	  lsm			    nvme	       protocols       security		 sysconfig	     xml
chkconfig.d			  dhcp			   groff	 kdump		  lsvpd			    objrepos	       rc0.d	       selinux		 sysctl.conf	     yum
chrony.conf			  DIR_COLORS		   group	 kdump.conf	  lvm			    oddjob	       rc1.d	       services		 sysctl.d	     yum.conf
chrony.keys			  DIR_COLORS.256color	   group-	 kernel		  machine-id		    oddjobd.conf       rc2.d	       sestatus.conf	 systemd	     yum.repos.d
cifs-utils			  DIR_COLORS.lightbgcolor  grub2.cfg	 keyutils	  magic			    oddjobd.conf.d     rc3.d	       setroubleshoot	 system-release
cloud				  dnf			   grub.d	 krb5.conf	  mailcap		    openldap	       rc4.d	       sgml		 system-release-cpe
cni				  dracut.conf		   gshadow	 krb5.conf.d	  makedumpfile.conf.sample  opt		       rc5.d	       shadow		 tcsd.conf
cockpit				  dracut.conf.d		   gshadow-	 kshrc		  man_db.conf		    os-release	       rc6.d	       shadow-		 terminfo
containers			  egl			   gss		 ld.so.cache	  mime.types		    PackageKit	       rc.d	       shells		 tmpfiles.d
cron.d				  environment		   host.conf	 ld.so.conf	  mke2fs.conf		    pam.d	       rc.local        skel		 trusted-key.key
cron.daily			  ethertypes		   hostname	 ld.so.conf.d	  modprobe.d		    papersize	       rc.powerfail    smartmontools	 tuned
cron.deny			  exports		   hosts	 libaudit.conf	  modules-load.d	    passwd	       redhat-release  sos		 udev
bash-4.4$ cd ssu[K[Kysconfig
bash-4.4$ ls
anaconda  chronyd  cpupower  ebtables-config  grub		iptables-config  kdump	 man-db   network	   nftables.conf  rsyslog    samba    smartmontools  sshd-permitrootlogin
atd	  console  crond     firewalld	      ip6tables-config	irqbalance	 kernel  modules  network-scripts  raid-check	  run-parts  selinux  sshd
bash-4.4$ cd ..
bash-4.4$ cd ..
bash-4.4$ ls
bin  boot  datasets  dev  etc  home  hometmp  lib  lib64  media  mnt  opt  proc  root  run  sbin  srv  sys  tmp  usr  var
bash-4.4$ cd etc
bash-4.4$ ls
adjtime				  cron.hourly		   favicon.png	 idmapd.conf	  libblockdev		    motd	       passwd-	       request-key.conf  ssh		     udisks2
aliases				  cron.monthly		   filesystems	 init.d		  libibverbs.d		    motd.d	       pinforc	       request-key.d	 ssl		     unbound
alternatives			  crontab		   firewalld	 inittab	  libnl			    mtab	       pkcs11	       resolv.conf	 sssd		     updatedb.conf
anacrontab			  cron.weekly		   fonts	 inputrc	  libpaper.d		    multipath	       pki	       rhc		 subgid		     usb_modeswitch.conf
asciidoc			  crypto-policies	   fprintd.conf  insights-client  libreport		    multipath.conf     plymouth        rhsm		 subgid-	     vconsole.conf
at.deny				  crypttab		   fstab	 iproute2	  libssh		    nanorc	       pm	       rpc		 subuid		     vimrc
audit				  csh.cshrc		   fuse.conf	 iscsi		  libuser.conf		    netconfig	       polkit-1        rpm		 subuid-	     virc
authselect			  csh.login		   gcrypt	 issue		  locale.conf		    NetworkManager     popt.d	       rsyslog.conf	 sudo.conf	     wgetrc
bash_completion.d		  ct_node_id		   gdbinit	 issue.d	  localtime		    networks	       ppc64-diag      rsyslog.d	 sudoers	     X11
bashrc				  dbus-1		   gdbinit.d	 issue.net	  login.defs		    nftables	       printcap        rwtab.d		 sudoers.d	     xattr.conf
bindresvport.blacklist		  dconf			   glvnd	 java		  logrotate.conf	    nsswitch.conf      profile	       samba		 sudo-ldap.conf      xdg
bindresvport.blacklist.rsct.save  default		   gnupg	 jvm		  logrotate.d		    nsswitch.conf.bak  profile.d       sasl2		 swid		     xinetd.d
binfmt.d			  depmod.d		   GREP_COLORS	 jvm-commmon	  lsm			    nvme	       protocols       security		 sysconfig	     xml
chkconfig.d			  dhcp			   groff	 kdump		  lsvpd			    objrepos	       rc0.d	       selinux		 sysctl.conf	     yum
chrony.conf			  DIR_COLORS		   group	 kdump.conf	  lvm			    oddjob	       rc1.d	       services		 sysctl.d	     yum.conf
chrony.keys			  DIR_COLORS.256color	   group-	 kernel		  machine-id		    oddjobd.conf       rc2.d	       sestatus.conf	 systemd	     yum.repos.d
cifs-utils			  DIR_COLORS.lightbgcolor  grub2.cfg	 keyutils	  magic			    oddjobd.conf.d     rc3.d	       setroubleshoot	 system-release
cloud				  dnf			   grub.d	 krb5.conf	  mailcap		    openldap	       rc4.d	       sgml		 system-release-cpe
cni				  dracut.conf		   gshadow	 krb5.conf.d	  makedumpfile.conf.sample  opt		       rc5.d	       shadow		 tcsd.conf
cockpit				  dracut.conf.d		   gshadow-	 kshrc		  man_db.conf		    os-release	       rc6.d	       shadow-		 terminfo
containers			  egl			   gss		 ld.so.cache	  mime.types		    PackageKit	       rc.d	       shells		 tmpfiles.d
cron.d				  environment		   host.conf	 ld.so.conf	  mke2fs.conf		    pam.d	       rc.local        skel		 trusted-key.key
cron.daily			  ethertypes		   hostname	 ld.so.conf.d	  modprobe.d		    papersize	       rc.powerfail    smartmontools	 tuned
cron.deny			  exports		   hosts	 libaudit.conf	  modules-load.d	    passwd	       redhat-release  sos		 udev
bash-4.4$ ^C
bash-4.4$ cat redhat-release
Red Hat Enterprise Linux release 8.6 (Ootpa)
bash-4.4$ ls[K[Kcs[Kd at redhat-release[1P redhat-release[C[C[C[C[C[C[C[C[C[C[C[C[1P redhat-release[C[C[C[C[C[C[C[C[C[C[Cd redhat-release[C[C[C[C[C[C[C[C[C[C[C[C
bash: cd: redhat-release: Not a directory
bash-4.4$ cd redhat-release[C[K[K[K[K[K[K[K[K[K[K[K[K[K[K[K[K[Kls -l
total 1352
-rw-r--r--.  1 root root       16 Jan  5  2023 adjtime
-rw-r--r--.  1 root root     1529 Apr 15  2020 aliases
drwxr-xr-x.  2 root root     4096 Aug  1  2023 alternatives
-rw-r--r--.  1 root root      541 Sep 30  2021 anacrontab
drwxr-xr-x   4 root root     4096 Aug  1  2023 asciidoc
-rw-r--r--.  1 root root        1 Aug 12  2018 at.deny
drwxr-x---.  4 root root      100 Jan  5  2023 audit
drwxr-xr-x.  3 root root      228 Jan  5  2023 authselect
drwxr-xr-x.  2 root root      135 Jan  5  2023 bash_completion.d
-rw-r--r--.  1 root root     3019 Apr 15  2020 bashrc
-rw-r--r--.  1 root root      545 Jan  5  2023 bindresvport.blacklist
-rw-r--r--.  1 root root      535 Jan  5  2023 bindresvport.blacklist.rsct.save
drwxr-xr-x.  2 root root       26 Jan  5  2023 binfmt.d
drwxr-xr-x.  2 root root        6 Jul 27  2021 chkconfig.d
-rw-r--r--.  1 root root     1083 Jun 15  2021 chrony.conf
-rw-r-----.  1 root chrony    540 May 12  2021 chrony.keys
drwxr-xr-x.  2 root root       26 Jun  3  2022 cifs-utils
drwxr-xr-x.  4 root root       82 Mar 30  2023 cloud
drwxr-xr-x.  2 root root        6 Jan  5  2023 cni
drwxr-xr-x.  4 root root       42 Sep 23  2022 cockpit
drwxr-xr-x.  6 root root      139 Jan  5  2023 containers
drwxr-xr-x.  2 root root       39 Jan  5  2023 cron.d
drwxr-xr-x.  2 root root       44 Jan  5  2023 cron.daily
-rw-r--r--.  1 root root        0 Sep 30  2021 cron.deny
drwxr-xr-x.  2 root root       22 Jan  5  2023 cron.hourly
drwxr-xr-x.  2 root root        6 Jan  8  2021 cron.monthly
-rw-r--r--.  1 root root      451 Jan  8  2021 crontab
drwxr-xr-x.  2 root root        6 Jan  8  2021 cron.weekly
drwxr-xr-x.  6 root root       81 Jan  5  2023 crypto-policies
-rw-------.  1 root root        0 Jan  5  2023 crypttab
-rw-r--r--.  1 root root     1629 Apr 15  2020 csh.cshrc
-rw-r--r--.  1 root root     1078 Apr 15  2020 csh.login
-rw-rw-r--   1 root root      129 May  4  2023 ct_node_id
drwxr-xr-x.  4 root root       78 Jun 16  2022 dbus-1
drwxr-xr-x.  3 root root       16 Jan  5  2023 dconf
drwxr-xr-x.  2 root root       33 Jan  5  2023 default
drwxr-xr-x.  2 root root       40 Jan  5  2023 depmod.d
drwxr-xr-x.  4 root root       53 Jan  5  2023 dhcp
-rw-r--r--.  1 root root     4536 Jul  9  2021 DIR_COLORS
-rw-r--r--.  1 root root     5214 Jul  9  2021 DIR_COLORS.256color
-rw-r--r--.  1 root root     4618 Jul  9  2021 DIR_COLORS.lightbgcolor
drwxr-xr-x.  8 root root      128 Jan  5  2023 dnf
-rw-r--r--.  1 root root      117 May 23  2022 dracut.conf
drwxr-xr-x.  2 root root        6 May 23  2022 dracut.conf.d
drwxr-xr-x   3 root root       37 Aug  1  2023 egl
-rw-r--r--.  1 root root        0 Apr 15  2020 environment
-rw-r--r--.  1 root root     1362 Sep 10  2018 ethertypes
-rw-r--r--.  1 root root        0 Sep 10  2018 exports
lrwxrwxrwx.  1 root root       56 Jul 12  2021 favicon.png -> /usr/share/icons/hicolor/16x16/apps/fedora-logo-icon.png
-rw-r--r--.  1 root root       66 Sep 10  2018 filesystems
drwxr-x---.  8 root root      149 Jan  5  2023 firewalld
drwxr-xr-x.  3 root root       38 Jan  5  2023 fonts
-rw-r--r--.  1 root root       20 Jan 13  2021 fprintd.conf
-rw-r--r--   1 root root      639 May  4  2023 fstab
-rw-r--r--.  1 root root       38 Feb 24  2022 fuse.conf
drwxr-xr-x.  2 root root       25 Apr 26  2022 gcrypt
-rw-r--r--   1 root root      265 Dec  8  2021 gdbinit
drwxr-xr-x   2 root root        6 Dec  8  2021 gdbinit.d
drwxr-xr-x   3 root root       26 Aug  1  2023 glvnd
drwxr-xr-x.  2 root root        6 Aug  8  2022 gnupg
-rw-r--r--.  1 root root       94 Aug 12  2018 GREP_COLORS
drwxr-xr-x.  4 root root       40 Jan  5  2023 groff
-rw-r--r--   1 root root     6385 Feb 25 15:29 group
-rw-r--r--.  1 root root     6377 Feb 25 15:29 group-
lrwxrwxrwx.  1 root root       22 Jun  3  2022 grub2.cfg -> ../boot/grub2/grub.cfg
drwx------.  2 root root     4096 Jan  5  2023 grub.d
----------   1 root root     5405 Feb 25 15:29 gshadow
----------.  1 root root     5397 Feb 25 15:29 gshadow-
drwxr-xr-x.  3 root root       20 Jan  5  2023 gss
-rw-r--r--.  1 root root        9 Sep 10  2018 host.conf
-rw-r--r--   1 root root       24 May  4  2023 hostname
-rw-r--r--.  1 root root      158 Sep 10  2018 hosts
-rw-r--r--.  1 root root     4849 Mar 12  2022 idmapd.conf
lrwxrwxrwx.  1 root root       11 Jul 27  2021 init.d -> rc.d/init.d
-rw-r--r--.  1 root root      490 Sep 21  2022 inittab
-rw-r--r--.  1 root root      942 Sep 10  2018 inputrc
drwxr-xr-x.  2 root root      225 Jan  5  2023 insights-client
drwxr-xr-x.  2 root root      159 Jul 11  2022 iproute2
drwxr-xr-x.  2 root root       52 Jan  5  2023 iscsi
-rw-r--r--.  1 root root       23 Apr  6  2022 issue
drwxr-xr-x.  2 root root       27 Jan  5  2023 issue.d
-rw-r--r--.  1 root root       22 Apr  6  2022 issue.net
drwxr-xr-x   4 root root       48 Aug  1  2023 java
drwxr-xr-x   2 root root        6 Dec 13  2018 jvm
drwxr-xr-x   2 root root        6 Dec 13  2018 jvm-commmon
drwxr-xr-x.  4 root root       33 Jan  5  2023 kdump
-rw-r--r--.  1 root root     8550 Jan  5  2023 kdump.conf
drwxr-xr-x.  3 root root       23 Sep 21  2022 kernel
drwxr-xr-x.  2 root root        6 Jun 16  2021 keyutils
-rw-r--r--.  1 root root      812 Aug 25  2021 krb5.conf
drwxr-xr-x.  2 root root       83 Jan  5  2023 krb5.conf.d
-rw-r--r--.  1 root root     1128 Jul 21  2022 kshrc
-rw-r--r--   1 root root    31003 Aug  1  2023 ld.so.cache
-rw-r--r--.  1 root root       28 Aug  1  2018 ld.so.conf
drwxr-xr-x.  2 root root      129 Aug  1  2023 ld.so.conf.d
-rw-r-----.  1 root root      191 Jan 23  2022 libaudit.conf
drwxr-xr-x.  3 root root       20 Jan  5  2023 libblockdev
drwxr-xr-x.  2 root root      246 Jan  5  2023 libibverbs.d
drwxr-xr-x.  2 root root       35 Jan  5  2023 libnl
drwxr-xr-x   2 root root        6 Dec  4  2018 libpaper.d
drwxr-xr-x.  6 root root       70 Jan  5  2023 libreport
drwxr-xr-x.  2 root root       62 Jan  5  2023 libssh
-rw-r--r--.  1 root root     2391 Jul 23  2015 libuser.conf
-rw-r--r--.  1 root root       17 May  4  2023 locale.conf
lrwxrwxrwx.  1 root root       38 Jan  5  2023 localtime -> ../usr/share/zoneinfo/America/New_York
-rw-r--r--.  1 root root     2512 Dec  9  2021 login.defs
-rw-r--r--.  1 root root      438 Feb 19  2018 logrotate.conf
drwxr-xr-x.  2 root root      219 Sep 12  2022 logrotate.d
drwxr-xr-x.  3 root root       43 Jan  5  2023 lsm
drwxr-xr-x.  2 root root       85 Jan  5  2023 lsvpd
drwxr-xr-x.  6 root root      100 Jul 12  2022 lvm
-r--r--r--   1 root root       33 May  4  2023 machine-id
-rw-r--r--.  1 root root      111 May  4  2021 magic
-rw-r--r--.  1 root root      272 May 11  2017 mailcap
-rw-r--r--.  1 root root     5122 Jan 27  2022 makedumpfile.conf.sample
-rw-r--r--.  1 root root     5165 Jun 24  2021 man_db.conf
-rw-r--r--.  1 root root    60352 May 11  2017 mime.types
-rw-r--r--.  1 root root     1108 Feb 17  2022 mke2fs.conf
drwxr-xr-x.  2 root root       54 Jan  5  2023 modprobe.d
drwxr-xr-x.  2 root root        6 Sep 21  2022 modules-load.d
-rw-r--r--.  1 root root        0 Sep 10  2018 motd
drwxr-xr-x.  2 root root       44 Jan  5  2023 motd.d
lrwxrwxrwx.  1 root root       19 Jan  5  2023 mtab -> ../proc/self/mounts
drwxr-xr-x.  2 root root       35 May  4  2023 multipath
-rw-rw-r--.  1 root root       75 Jan  5  2023 multipath.conf
-rw-r--r--.  1 root root     9450 Aug 12  2018 nanorc
-rw-r--r--.  1 root root      767 Dec  2  2021 netconfig
drwxr-xr-x.  7 root root      134 Sep 29  2022 NetworkManager
-rw-r--r--.  1 root root       58 Sep 10  2018 networks
drwx------.  3 root root       66 Jan  5  2023 nftables
lrwxrwxrwx.  1 root root       29 Jan  5  2023 nsswitch.conf -> /etc/authselect/nsswitch.conf
-rw-r--r--.  1 root root     2197 Mar 14  2022 nsswitch.conf.bak
drwxr-xr-x.  2 root root       35 Jan  5  2023 nvme
drwxr-xr-x.  2 root root       93 Jan  5  2023 objrepos
drwxr-xr-x.  2 root root        6 Dec 15  2020 oddjob
-rw-r--r--.  1 root root     4922 Dec 15  2020 oddjobd.conf
drwxr-xr-x.  2 root root       70 Jan  5  2023 oddjobd.conf.d
drwxr-xr-x.  3 root root       36 Jan  5  2023 openldap
drwxr-xr-x.  2 root root        6 Jun 21  2021 opt
lrwxrwxrwx.  1 root root       22 Apr  6  2022 os-release -> ..//usr/lib/os-release
drwxr-xr-x.  2 root root       48 Jan  5  2023 PackageKit
drwxr-xr-x.  2 root root     4096 Aug  2  2022 pam.d
-rw-r--r--   1 root root       68 Dec  4  2018 papersize
-rw-r--r--   1 root root    15987 Feb 25 15:29 passwd
-rw-r--r--.  1 root root    15961 Feb 25 15:29 passwd-
-rw-r--r--.  1 root root     2872 Aug 12  2018 pinforc
drwxr-xr-x.  3 root root       21 Jan  5  2023 pkcs11
drwxr-xr-x. 14 root root      193 Aug 18  2023 pki
drwxr-xr-x.  2 root root       28 Jan  5  2023 plymouth
drwxr-xr-x.  5 root root       52 Jan  5  2023 pm
drwxr-xr-x.  5 root root       72 Jan  5  2023 polkit-1
drwxr-xr-x.  2 root root        6 Jan  7  2021 popt.d
drwxr-xr-x.  3 root root       48 Jan  5  2023 ppc64-diag
-rw-r--r--.  1 root root      233 Sep 10  2018 printcap
-rw-r--r--.  1 root root     2123 Apr 15  2020 profile
drwxr-xr-x.  2 root root     4096 Jan  5  2023 profile.d
-rw-r--r--.  1 root root     6568 Sep 10  2018 protocols
lrwxrwxrwx.  1 root root       10 Aug 15  2022 rc0.d -> rc.d/rc0.d
lrwxrwxrwx.  1 root root       10 Aug 15  2022 rc1.d -> rc.d/rc1.d
lrwxrwxrwx.  1 root root       10 Aug 15  2022 rc2.d -> rc.d/rc2.d
lrwxrwxrwx.  1 root root       10 Aug 15  2022 rc3.d -> rc.d/rc3.d
lrwxrwxrwx.  1 root root       10 Aug 15  2022 rc4.d -> rc.d/rc4.d
lrwxrwxrwx.  1 root root       10 Aug 15  2022 rc5.d -> rc.d/rc5.d
lrwxrwxrwx.  1 root root       10 Aug 15  2022 rc6.d -> rc.d/rc6.d
drwxr-xr-x. 10 root root      127 Sep 21  2022 rc.d
lrwxrwxrwx.  1 root root       13 Sep 21  2022 rc.local -> rc.d/rc.local
-rwxr-xr-x.  1 root root    10106 May 17  2021 rc.powerfail
-rw-r--r--.  1 root root       45 Apr  6  2022 redhat-release
-rw-r--r--.  1 root root     1787 Jun 16  2021 request-key.conf
drwxr-xr-x.  2 root root        6 Jun 16  2021 request-key.d
-rw-r--r--   1 root root      149 May  4  2023 resolv.conf
drwxr-xr-x.  3 root root       40 Jan  5  2023 rhc
drwxr-xr-x.  6 root root      132 Jan  5  2023 rhsm
-rw-r--r--.  1 root root     1634 Aug  1  2018 rpc
drwxr-xr-x.  2 root root       25 Sep 14  2022 rpm
-rw-r--r--.  1 root root     3186 May 16  2022 rsyslog.conf
drwxr-xr-x.  2 root root       52 May 16  2022 rsyslog.d
drwxr-xr-x.  2 root root       35 Jun  3  2022 rwtab.d
drwxr-xr-x.  2 root root       61 Jan  5  2023 samba
drwxr-xr-x.  2 root root        6 Feb 17  2022 sasl2
drwxr-xr-x.  7 root root     4096 Aug  2  2022 security
drwxr-xr-x.  3 root root       57 Mar 30  2023 selinux
-rw-r--r--.  1 root root   692252 Apr 15  2020 services
-rw-r--r--.  1 root root      216 Feb 23  2022 sestatus.conf
drwxr-xr-x.  2 root root       33 Jan  5  2023 setroubleshoot
drwxr-xr-x   3 root root     4096 Aug  1  2023 sgml
----------   1 root root    28796 Feb 25 15:31 shadow
----------.  1 root root    28662 Feb 25 15:25 shadow-
-rw-r--r--   1 root root      114 Aug  1  2023 shells
drwxr-xr-x.  2 root root       76 Jan  5  2023 skel
drwxr-xr-x.  3 root root       74 Jan  5  2023 smartmontools
drwxr-xr-x.  6 root root       86 Jan  5  2023 sos
drwxr-xr-x.  3 root root     4096 May  4  2023 ssh
drwxr-xr-x.  2 root root       19 Jan  5  2023 ssl
drwx------.  4 sssd sssd       31 Jun  3  2022 sssd
-rw-r--r--   1 root root     5146 Feb 25 15:29 subgid
-rw-r--r--.  1 root root     5123 Feb 25 15:25 subgid-
-rw-r--r--   1 root root     5146 Feb 25 15:29 subuid
-rw-r--r--.  1 root root     5123 Feb 25 15:25 subuid-
-rw-r-----.  1 root root     1786 Dec  7  2021 sudo.conf
-r--r-----   1 root root     4383 Feb 10 21:22 sudoers
drwxr-x---.  2 root root       33 Jan  5  2023 sudoers.d
-rw-r-----.  1 root root     3181 Dec  7  2021 sudo-ldap.conf
drwxr-xr-x.  3 root root       24 Jan  5  2023 swid
drwxr-xr-x.  5 root root     4096 Jan  5  2023 sysconfig
-rw-r--r--   1 root root      481 Mar 30  2023 sysctl.conf
drwxr-xr-x.  2 root root       28 Sep 21  2022 sysctl.d
drwxr-xr-x.  5 root root      172 Jan  5  2023 systemd
lrwxrwxrwx.  1 root root       14 Apr  6  2022 system-release -> redhat-release
-rw-r--r--.  1 root root       41 Apr  6  2022 system-release-cpe
-rw-r-----.  1 root tss      7046 Nov  6  2020 tcsd.conf
drwxr-xr-x.  2 root root        6 May 18  2021 terminfo
drwxr-xr-x.  2 root root        6 Sep 21  2022 tmpfiles.d
-rw-r--r--.  1 root root      375 Sep 22  2022 trusted-key.key
drwxr-xr-x.  3 root root      136 Jan  5  2023 tuned
drwxr-xr-x.  4 root root       68 Aug  1  2023 udev
drwxr-xr-x.  2 root root       60 Jan  5  2023 udisks2
drwxr-xr-x.  2 root root       45 Jan  5  2023 unbound
-rw-r--r--.  1 root root      587 Aug 12  2018 updatedb.conf
-rw-r--r--.  1 root root     1523 Aug 12  2018 usb_modeswitch.conf
-rw-r--r--.  1 root root       28 Jan  5  2023 vconsole.conf
-rw-r--r--.  1 root root     1982 Jun 14  2022 vimrc
-rw-r--r--.  1 root root     1204 Jun 14  2022 virc
-rw-r--r--.  1 root root     4925 Apr  3  2020 wgetrc
drwxr-xr-x.  6 root root       70 Jan  5  2023 X11
-rw-r--r--.  1 root root      642 Dec  9  2016 xattr.conf
drwxr-xr-x.  6 root root       72 Aug  1  2023 xdg
drwxr-xr-x.  2 root root        6 Jun 21  2021 xinetd.d
drwxr-xr-x   2 root root       21 Aug  1  2023 xml
drwxr-xr-x.  2 root root       57 Jan  5  2023 yum
lrwxrwxrwx.  1 root root       12 Mar 18  2022 yum.conf -> dnf/dnf.conf
drwxr-xr-x.  2 root root       25 Aug 18  2023 yum.repos.d
bash-4.4$ ^C
bash-4.4$ cd ..
bash-4.4$ ls
bin  boot  datasets  dev  etc  home  hometmp  lib  lib64  media  mnt  opt  proc  root  run  sbin  srv  sys  tmp  usr  var
bash-4.4$ cd ..
bash-4.4$ ls
bin  boot  datasets  dev  etc  home  hometmp  lib  lib64  media  mnt  opt  proc  root  run  sbin  srv  sys  tmp  usr  var
bash-4.4$ cd ..
bash-4.4$ ls
bin  boot  datasets  dev  etc  home  hometmp  lib  lib64  media  mnt  opt  proc  root  run  sbin  srv  sys  tmp  usr  var
bash-4.4$ cd Asss[Kignment1
bash: cd: Assignment1: No such file or directory
bash-4.4$ exit
exit

Script done on 2024-02-27 18:26:56-05:00
